
> temp_app@0.1.0 build
> next build

Γû▓ Next.js 16.1.6 (Turbopack)

  Creating an optimized production build ...
Γ£ô Compiled successfully in 4.7s
  Running TypeScript ...
node.exe : Failed to compile.
At C:\Program Files\nodejs\npm.ps1:29 char:3
+   & $NODE_EXE $NPM_CLI_JS $args
+   ~~~~~~~~~~~~~~~~~~~~~~~~~~~~~
    + CategoryInfo          : NotSpecified: (Failed to compile.:Strin 
   g) [], RemoteException
    + FullyQualifiedErrorId : NativeCommandError
 

./src/app/page.tsx:35:40
Type error: Type '{ children: Element; variant: "outline"; asChild: 
true; }' is not assignable to type 'IntrinsicAttributes & ButtonProps 
& VariantProps<(props?: (ConfigVariants<{ variant: { default: string; 
outline: string; secondary: string; ghost: string; destructive: 
string; link: string; }; size: { ...; }; }> & ClassProp) | undefined) 
=> string>'.
  Property 'asChild' does not exist on type 'IntrinsicAttributes & 
ButtonProps & VariantProps<(props?: (ConfigVariants<{ variant: { 
default: string; outline: string; secondary: string; ghost: string; 
destructive: string; link: string; }; size: { ...; }; }> & ClassProp) 
| undefined) => string>'.

[0m [90m 33 |[39m           
[33m<[39m[33m/[39m[33mLink[39m[33m>[39m
 [90m 34 |[39m           [33m<[39m[33mdiv[39m 
className[33m=[39m[32m"flex items-center gap-2 
ml-4"[39m[33m>[39m
[31m[1m>[22m[39m[90m 35 |[39m              
[33m<[39m[33mButton[39m variant[33m=[39m[32m"outline"[39m 
asChild[33m>[39m
 [90m    |[39m                                        
[31m[1m^[22m[39m
 [90m 36 |[39m               [33m<[39m[33mLink[39m href[33m=[3
9m[32m"/login"[39m[33m>[39m[33mLogin[39m[33m<[39m[33m/[39m[
33mLink[39m[33m>[39m
 [90m 37 |[39m              
[33m<[39m[33m/[39m[33mButton[39m[33m>[39m
 [90m 38 |[39m              [33m<[39m[33mButton[39m 
className[33m=[39m[32m"bg-green-600 hover:bg-green-700 
text-white"[39m asChild[33m>[39m[0m
Next.js build worker exited with code: 1 and signal: null
